record_id,amount,object,char_offset
20240430001500-0,500,respondents was conducted by,737
20240430001500-1,3,decades into its democratic,683
20240430001500-2,2,scoring chances,277
20240430001500-3,2,women,63
20240430001500-4,25,members,1576
20240430001500-4,911,first which will then,2412