record_id,date_resolution,month,day,year,char_offset
20240430001500-0,4,3,18,0,947
20240430001500-3,4,3,14,0,509
20240430001500-3,4,4,17,0,554