record_id,location_type,location_full_name,location_country_code,location_adm1_code,location_latitude,location_longitude,location_feature_id
20240430001500-0,4,Toronto", Ontario," Canada,CA,CA08,12686,43.6667,-79.4167,-574890,7
20240430001500-0,1,Canadians,CA,CA,,60,-96,CA,49
20240430001500-0,1,Canadians,CA,CA,,60,-96,CA,1484
20240430001500-0,1,Canada,CA,CA,,60,-96,CA,15
20240430001500-0,1,Canada,CA,CA,,60,-96,CA,214
20240430001500-0,1,Canada,CA,CA,,60,-96,CA,390
20240430001500-0,1,Canadian,CA,CA,,60,-96,CA,1686
20240430001500-0,4,Montreal", Quebec," Canada,CA,CA10,12713,45.5,-73.5833,-569541,206
20240430001500-1,1,Libya,LY,LY,,25,17,LY,3867
20240430001500-1,1,South Africa,SF,SF,,-30,26,SF,799
20240430001500-1,1,South Africa,SF,SF,,-30,26,SF,2175
20240430001500-1,1,South Africa,SF,SF,,-30,26,SF,2632
20240430001500-1,1,South Africans,SF,SF,,-30,26,SF,1300 
20240430001500-2,4,Roma", Lazio, Italy,IT,IT07,18350,41.9,12.4833,-126693,15
20240430001500-2,4,Roma", Lazio, Italy",IT,IT07,18350,41.9,12.4833,-126693,160
20240430001500-2,4,Roma", Lazio, Italy",IT,IT07,18350,41.9,12.4833,-126693,388
20240430001500-2,4,Roma", Lazio," Italy,IT,IT07,18350,41.9,12.4833,-126693,793
20240430001500-2,4,Roma", Lazio," Italy,IT,IT07,18350,41.9,12.4833,-126693,1049
20240430001500-2,4,Roma", Lazio," Italy,IT,IT07,18350,41.9,12.4833,-126693,1735
20240430001500-2,4,Roma", Lazio," Italy,IT,IT07,18350,41.9,12.4833,-126693,2654
20240430001500-2,4,Roma", Lazio," Italy,IT,IT07,18350,41.9,12.4833,-126693,2756
20240430001500-2,4,Roma", Lazio," Italy,IT,IT07,18350,41.9,12.4833,-126693,3136
20240430001500-2,1,Nigerian,NI,NI,,10,8,NI,442
20240430001500-2,1,Nigerian,NI,NI,,10,8,NI,692
20240430001500-2,1,Iranian,IR,IR,,32,53,IR,207
20240430001500-3,1,Puerto Rico,RQ,RQ,,18.2359,-66.4838,RQ,852
20240430001500-4,2,Texas"," United States,US,USTX,,31.106,-97.6475,TX,354
20240430001500-4,3,Corpus Christi", Texas," United States,US,USTX,TX355,27.8006,-97.3964,1333380,331
20240430001500-4,3,Corpus Christi", Texas," United States,US,USTX,TX355,27.8006,-97.3964,1333380,847