record_id,char_offset,length,verb,quote
20240430001500-4,866,19,"verb","Example verb quote."