record_id,url
20240430001500-4,https://media.kiiitv.com/assets/KIII/images/dfbf1beb-a188-4153-8de7-4f61971299bc/20240429T230442/dfbf1beb-a188-4153-8de7-4f61971299bc_1920x1080.jpg