record_id,url
20240430001500-0,https://www.cornwallseawaynews.com/wp-content/uploads/sites/19/2024/04/20240429110432-7f3a7014dd15c8f4e0361b92237ae12e89b2167fd2f7cf02501976b4e9ee59f7.jpg
20240430001500-1,https://thenewdawnliberia.com/govoampi/2024/04/BBC-Documentary-photo.jpeg
20240430001500-2,https://images2.minutemediacdn.com/image/upload/c_crop",w_5315,h_2989,x_0,y_213/c_fill,w_1440,ar_16:9,f_auto,q_auto,"g_auto/images/GettyImages/mmsport/207/01hwnz13zxcadwkrst69.jpg
20240430001500-3,https://s.yimg.com/ny/api/res/1.2/fAxqe.6LTQ_6kQ2wxLT2mQ--/YXBwaWQ9aGlnaGxhbmRlcjt3PTEyMDA7aD03MjY-/https://media.zenfs.com/en/orlando_sentinel_national_858/67281c1b4fed825a97345d0e0a262b3d
20240430001500-4,https://media.kiiitv.com/assets/KIII/images/dfbf1beb-a188-4153-8de7-4f61971299bc/20240429T230442/dfbf1beb-a188-4153-8de7-4f61971299bc_1140x641.jpg