record_id,url
20240430001500-4,https://youtube.com/embed/BkUQ_Uzr2Yc?rel=0