record_id,url
20240430001500-4,https://test_social_embed.com/test