record_id,translation_info
20240430001500-3,"ABC;"GT-ARA 1.0";"