record_id,xml
20240430001500-0,<PAGE_AUTHORS>ezn2_spadmin</PAGE_AUTHORS><PAGE_PRECISEPUBTIMESTAMP>20240429230600</PAGE_PRECISEPUBTIMESTAMP><PAGE_TITLE>Majority of aspiring homeowners awaiting rate cuts before buying: BMO survey</PAGE_TITLE>"
20240430001500-1,<PAGE_AUTHORS>New Dawn</PAGE_AUTHORS><PAGE_PRECISEPUBTIMESTAMP>20240429214600</PAGE_PRECISEPUBTIMESTAMP><PAGE_TITLE>The Battle for the Ballot Box' - Liberia news The New Dawn Liberia", premier resource for latest news</PAGE_TITLE>
20240430001500-2,<PAGE_PRECISEPUBTIMESTAMP>20240429233300</PAGE_PRECISEPUBTIMESTAMP><PAGE_TITLE>Napoli wastes opportunities and AS Roma grabs the equalizer towards the end</PAGE_TITLE>"
20240430001500-3,<PAGE_TITLE>Florida deputies arrest 'potential serial killer' in slayings of two women</PAGE_TITLE>
20240430001500-4,<PAGE_LINKS>https://bucdays.com/</PAGE_LINKS><PAGE_TITLE>Here's", how CCFD is preparing for this year's Buc Days parade</PAGE_TITLE>